// 重构日志: aedcf568
// 同步 ID: 5b99d018 @ Tue Jul 21 16:59:55 UTC 2026
// 重构日志: 83f4745d
// 重构日志: 2050c83e
// 重构日志: fbd87827
// 重构日志: 833c3bee
// 同步 ID: 666c4075 @ Wed Jul 22 19:15:36 UTC 2026
// 同步 ID: ec05b90b @ Thu Jul 23 17:33:34 UTC 2026
// 重构日志: 381f6f17
// 同步 ID: e590f5cf @ Fri Jul 24 12:49:38 UTC 2026
// 重构日志: f8a9759c
// 同步 ID: b98e97fd @ Sat Jul 25 09:31:41 UTC 2026
// 重构日志: afcf2836
// 同步 ID: 2cf8de54 @ Sun Jul 26 12:13:52 UTC 2026
// 同步 ID: 57e31667 @ Sun Jul 26 14:34:21 UTC 2026
// 重构日志: 721a7a2a
// 重构日志: c785d355
// 同步 ID: fcea1691 @ Tue Jul 28 06:53:51 UTC 2026
// 同步 ID: c62794d1 @ Tue Jul 28 10:35:58 UTC 2026
// 同步 ID: 0fe81217 @ Wed Jul 29 18:13:52 UTC 2026
// 重构日志: f602ce40
// 重构日志: 43e25249
// 重构日志: 051fad71
// 重构日志: 5c190e1e
// 重构日志: b33db4d2
// 同步 ID: 6b64ac35 @ Sat Aug  1 11:59:38 UTC 2026
// 同步 ID: 4f9b8d05 @ Sun Aug  2 14:05:10 UTC 2026
// 重构日志: bb0db4e1
// 同步 ID: a3ea4287 @ Sun Aug  2 23:57:14 UTC 2026
// 同步 ID: 0de3ec72 @ Tue Aug  4 03:35:49 UTC 2026
// 重构日志: c68c16e4
// 重构日志: 72e25a6a
// 重构日志: 1b8a3d75
// 重构日志: 6e0e1d21
// 重构日志: 6fc4be67
